[event.playeternalreturn.com/specialday.html]
[backblue.gif]
[fade.gif]
[index.html]
[cdn.playeternalreturn.com/event/preseason8/specialday/og_image_en.png]
[event.playeternalreturn.com/images/favicon/favicon-127x127.png]
[event.playeternalreturn.com/images/favicon/apple-icon-57x57.png]
[event.playeternalreturn.com/images/favicon/apple-icon-60x60.png]
[event.playeternalreturn.com/images/favicon/apple-icon-72x72.png]
[event.playeternalreturn.com/images/favicon/apple-icon-76x76.png]
[event.playeternalreturn.com/images/favicon/apple-icon-114x114.png]
[event.playeternalreturn.com/images/favicon/apple-icon-120x120.png]
[event.playeternalreturn.com/images/favicon/favicon-32x32.png]
[event.playeternalreturn.com/images/favicon/favicon-96x96.png]
[event.playeternalreturn.com/images/favicon/favicon-16x16.png]
[event.playeternalreturn.com/manifest.json]
[event.playeternalreturn.com/specialdaydf27.html]
[event.playeternalreturn.com/specialdayd40c.html]
[event.playeternalreturn.com/specialday5caa.html]
[event.playeternalreturn.com/specialday02b8.html]
[event.playeternalreturn.com/specialdaya0ca.html]
[event.playeternalreturn.com/specialday2957.html]
[event.playeternalreturn.com/specialday80ae.html]
[event.playeternalreturn.com/fonts/SairaSemiCondensed-Regular.ttf]
[event.playeternalreturn.com/fonts/SairaSemiCondensed-Bold.ttf]
[event.playeternalreturn.com/css/vendorf933.css]
[event.playeternalreturn.com/css/app035c.css]
[event.playeternalreturn.com/css/preseason8/er_layoutda93.css]
[event.playeternalreturn.com/css/swiper.mina5d9.css]
[event.playeternalreturn.com/css/preseason8/er_contents8fec.css]
[event.playeternalreturn.com/images/preseason8/logo_black.png]
[event.playeternalreturn.com/images/preseason8/logo_white_m.png]
[event.playeternalreturn.com/images/preseason8/logo_steam_w.png]
[event.playeternalreturn.com/images/preseason8/logo_windows_w.png]
[event.playeternalreturn.com/images/preseason8/logo_kakao_w.png]
[event.playeternalreturn.com/images/preseason8/logo_steam_m.png]
[event.playeternalreturn.com/images/preseason8/logo_windows_m.png]
[event.playeternalreturn.com/images/preseason8/logo_kakao_m.png]
[event.playeternalreturn.com/images/preseason8/ms_img12.png]
[event.playeternalreturn.com/eternal-return-esports.html]
[event.playeternalreturn.com/images/preseason8/ms_img11.png]
[event.playeternalreturn.com/season8-pajamas.html]
[event.playeternalreturn.com/images/preseason8/ms_img01.png]
[event.playeternalreturn.com/season8-systemupdate.html]
[event.playeternalreturn.com/images/preseason8/ms_img02.png]
[event.playeternalreturn.com/newsletter-subscription.html]
[event.playeternalreturn.com/images/preseason8/ms_img06.png]
[event.playeternalreturn.com/images/sns_img/gw_discord.png]
[event.playeternalreturn.com/images/sns_img/gw_twitter.png]
[event.playeternalreturn.com/images/sns_img/gw_youtube.png]
[event.playeternalreturn.com/images/sns_img/gw_instagram.png]
[event.playeternalreturn.com/images/sns_img/gw_kakao.png]
[event.playeternalreturn.com/images/sns_img/gw_facebook.png]
[event.playeternalreturn.com/images/sns_img/gw_twitch.png]
[event.playeternalreturn.com/images/sns_img/gw_qq.png]
[event.playeternalreturn.com/images/sns_img/gw_weibo.png]
[event.playeternalreturn.com/images/sns_img/gw_bilibili.png]
[cdn.playeternalreturn.com/event/preseason8/specialday/title01_en.png]
[cdn.playeternalreturn.com/event/preseason8/specialday/title02_en.png]
[cdn.playeternalreturn.com/event/preseason8/specialday/img_rw01.png]
[cdn.playeternalreturn.com/event/preseason8/specialday/img_rw02.png]
[cdn.playeternalreturn.com/event/preseason8/specialday/img_rw03.png]
[cdn.playeternalreturn.com/event/preseason8/specialday/img_rw04.png]
[cdn.playeternalreturn.com/event/preseason8/specialday/title03_en.png]
[cdn.playeternalreturn.com/event/preseason8/specialday/rw01.png]
[cdn.playeternalreturn.com/event/preseason8/specialday/rw02.png]
[cdn.playeternalreturn.com/event/preseason8/specialday/title04_en.png]
[cdn.playeternalreturn.com/event/preseason8/specialday/ico_can02.png]
[cdn.playeternalreturn.com/event/preseason8/specialday/title01_m_en.png]
[cdn.playeternalreturn.com/event/preseason8/specialday/title05_en.png]
[cdn.playeternalreturn.com/event/preseason8/specialday/pop_img01_kr.png]
[cdn.playeternalreturn.com/event/preseason8/specialday/pop_img01_en.png]
[cdn.playeternalreturn.com/event/preseason8/specialday/pop_img01_jp.png]
[cdn.playeternalreturn.com/event/preseason8/specialday/pop_img01_cn.png]
[cdn.playeternalreturn.com/event/preseason8/specialday/pop_img01_tw.png]
[cdn.playeternalreturn.com/event/preseason8/specialday/pop_img02_kr.png]
[cdn.playeternalreturn.com/event/preseason8/specialday/pop_img02_en.png]
[cdn.playeternalreturn.com/event/preseason8/specialday/pop_img02_jp.png]
[cdn.playeternalreturn.com/event/preseason8/specialday/pop_img02_cn.png]
[cdn.playeternalreturn.com/event/preseason8/specialday/pop_img02_tw.png]
[cdn.playeternalreturn.com/event/preseason8/specialday/pop_img03_kr.png]
[cdn.playeternalreturn.com/event/preseason8/specialday/pop_img03_en.png]
[cdn.playeternalreturn.com/event/preseason8/specialday/pop_img03_jp.png]
[cdn.playeternalreturn.com/event/preseason8/specialday/pop_img03_cn.png]
[cdn.playeternalreturn.com/event/preseason8/specialday/pop_img03_tw.png]
[cdn.playeternalreturn.com/event/preseason8/specialday/pop_img04_kr.png]
[cdn.playeternalreturn.com/event/preseason8/specialday/pop_img04_en.png]
[cdn.playeternalreturn.com/event/preseason8/specialday/pop_img04_jp.png]
[cdn.playeternalreturn.com/event/preseason8/specialday/pop_img04_cn.png]
[cdn.playeternalreturn.com/event/preseason8/specialday/pop_img04_tw.png]
[event.playeternalreturn.com/images/common/logo-nimbleneuron.png]
[event.playeternalreturn.com/js/manifest6912.js]
[event.playeternalreturn.com/js/app9a76.js]
[event.playeternalreturn.com/js/vendorfa45.js]
[event.playeternalreturn.com/js/commondd8e.js]
[event.playeternalreturn.com/js/jquery-1.12.4.minf194.js]
[cdnjs.cloudflare.com/ajax/libs/Swiper/4.5.1/js/swiper.min.js]
[event.playeternalreturn.com/js/jquery.rotate06b7.js]
[event.playeternalreturn.com/specialday.html]
[event.playeternalreturn.com/js/preseason8/specialday8954.js]
[event.playeternalreturn.com/specialdaydf27.html]
[cdn.playeternalreturn.com/event/preseason8/specialday/og_image_kor.png]
[cdn.playeternalreturn.com/event/preseason8/specialday/title01_kr.png]
[cdn.playeternalreturn.com/event/preseason8/specialday/title02_kr.png]
[cdn.playeternalreturn.com/event/preseason8/specialday/title03_kr.png]
[cdn.playeternalreturn.com/event/preseason8/specialday/title04_kr.png]
[cdn.playeternalreturn.com/event/preseason8/specialday/title01_m_kr.png]
[cdn.playeternalreturn.com/event/preseason8/specialday/title05_kr.png]
[event.playeternalreturn.com/specialdayd40c.html]
[cdn.playeternalreturn.com/event/preseason8/specialday/og_image_jp.png]
[event.playeternalreturn.com/fonts/SkipStd-D.woff2]
[cdn.playeternalreturn.com/event/preseason8/specialday/title01_jp.png]
[cdn.playeternalreturn.com/event/preseason8/specialday/title02_jp.png]
[cdn.playeternalreturn.com/event/preseason8/specialday/title03_jp.png]
[cdn.playeternalreturn.com/event/preseason8/specialday/title04_jp.png]
[cdn.playeternalreturn.com/event/preseason8/specialday/title01_m_jp.png]
[cdn.playeternalreturn.com/event/preseason8/specialday/title05_jp.png]
[event.playeternalreturn.com/specialday5caa.html]
[event.playeternalreturn.com/specialday02b8.html]
[event.playeternalreturn.com/specialdaya0ca.html]
[cdn.playeternalreturn.com/event/preseason8/specialday/og_image_tra.png]
[cdn.playeternalreturn.com/event/preseason8/specialday/title01_tw.png]
[cdn.playeternalreturn.com/event/preseason8/specialday/title02_tw.png]
[cdn.playeternalreturn.com/event/preseason8/specialday/title03_tw.png]
[cdn.playeternalreturn.com/event/preseason8/specialday/title04_tw.png]
[cdn.playeternalreturn.com/event/preseason8/specialday/title01_m_tw.png]
[cdn.playeternalreturn.com/event/preseason8/specialday/title05_tw.png]
[event.playeternalreturn.com/specialday2957.html]
[cdn.playeternalreturn.com/event/preseason8/specialday/og_image_sim.png]
[cdn.playeternalreturn.com/event/preseason8/specialday/title01_cn.png]
[cdn.playeternalreturn.com/event/preseason8/specialday/title02_cn.png]
[cdn.playeternalreturn.com/event/preseason8/specialday/title03_cn.png]
[cdn.playeternalreturn.com/event/preseason8/specialday/title04_cn.png]
[cdn.playeternalreturn.com/event/preseason8/specialday/title01_m_cn.png]
[cdn.playeternalreturn.com/event/preseason8/specialday/title05_cn.png]
[event.playeternalreturn.com/specialday80ae.html]
[event.playeternalreturn.com/fonts/fa-brands-4006022.eot]
[event.playeternalreturn.com/fonts/fa-brands-4008ced.eot]
[event.playeternalreturn.com/fonts/fa-brands-40021dc.woff2]
[event.playeternalreturn.com/fonts/fa-brands-4004f96.woff]
[event.playeternalreturn.com/fonts/fa-brands-40078eb.ttf]
[event.playeternalreturn.com/fonts/fa-regular-4004c89.eot]
[event.playeternalreturn.com/fonts/fa-regular-400adfb.eot]
[event.playeternalreturn.com/fonts/fa-regular-400cfc4.woff2]
[event.playeternalreturn.com/fonts/fa-regular-400bc1b.woff]
[event.playeternalreturn.com/fonts/fa-regular-400dc31.ttf]
[event.playeternalreturn.com/fonts/fa-solid-90090d8.eot]
[event.playeternalreturn.com/fonts/fa-solid-9009771.eot]
[event.playeternalreturn.com/fonts/fa-solid-9000ed9.woff2]
[event.playeternalreturn.com/fonts/fa-solid-9009710.woff]
[event.playeternalreturn.com/fonts/fa-solid-9008ada.ttf]
[event.playeternalreturn.com/css/vendorf933.css]
[event.playeternalreturn.com/fonts/SkipStd-D.eot]
[event.playeternalreturn.com/fonts/SkipStd-Dd41d.eot]
[event.playeternalreturn.com/fonts/SkipStd-D.woff]
[event.playeternalreturn.com/fonts/SkipStd-D.ttf]
[event.playeternalreturn.com/fonts/fot-skipstd-d.dc.delayed]
[event.playeternalreturn.com/fonts/fot-skipstd-d.woff]
[event.playeternalreturn.com/fonts/fot-skipstd-d.ttf]
[event.playeternalreturn.com/css/app035c.css]
[webfontworld.github.io/woowahan/BMDoHyeon.css]
[use.typekit.net/mma6tmo.css]
[event.playeternalreturn.com/fonts/Tenada.ttf]
[event.playeternalreturn.com/fonts/Tenada.woff]
[event.playeternalreturn.com/css/preseason8/er_layoutda93.css]
[event.playeternalreturn.com/css/swiper.mina5d9.css]
[event.playeternalreturn.com/css/preseason8/er_contents8fec.css]
[cdn.playeternalreturn.com/event/preseason8/esports/og_image_sim.png]
[event.playeternalreturn.com/eternal-return-esportsdf27.html]
[event.playeternalreturn.com/eternal-return-esportsd40c.html]
[event.playeternalreturn.com/eternal-return-esports5caa.html]
[event.playeternalreturn.com/eternal-return-esports02b8.html]
[event.playeternalreturn.com/eternal-return-esportsa0ca.html]
[event.playeternalreturn.com/eternal-return-esports2957.html]
[event.playeternalreturn.com/eternal-return-esports80ae.html]
[cdn.jsdelivr.net/npm/swiper/swiper-bundle.min.css]
[cdn.playeternalreturn.com/event/preseason8/esports/title01_cn.png]
[cdn.playeternalreturn.com/event/preseason8/esports/thumbnail07.png]
[cdn.playeternalreturn.com/event/preseason8/esports/thumbnail08.png]
[cdn.playeternalreturn.com/event/preseason8/esports/thumbnail09.png]
[cdn.playeternalreturn.com/event/preseason8/esports/thumbnail04.png]
[cdn.playeternalreturn.com/event/preseason8/esports/thumbnail05.png]
[cdn.playeternalreturn.com/event/preseason8/esports/thumbnail06.png]
[cdn.playeternalreturn.com/event/preseason8/esports/thumbnail01.png]
[cdn.playeternalreturn.com/event/preseason8/esports/thumbnail02.png]
[cdn.playeternalreturn.com/event/preseason8/esports/thumbnail03.png]
[event.playeternalreturn.com/images/preseason8/esports/btm_logo.png]
[event.playeternalreturn.com/images/preseason8/esports/btm_menu01.png]
[event.playeternalreturn.com/images/preseason8/esports/btm_menu05.png]
[event.playeternalreturn.com/images/preseason8/esports/btm_menu03.png]
[event.playeternalreturn.com/images/preseason8/esports/btm_menu04.png]
[event.playeternalreturn.com/images/preseason8/esports/btm_menu04_cn.png]
[cdn.playeternalreturn.com/event/preseason8/esports/sec5_01.png]
[cdn.playeternalreturn.com/event/preseason8/esports/sec5_02.png]
[cdn.playeternalreturn.com/event/preseason8/esports/sec5_03.png]
[cdn.playeternalreturn.com/event/preseason8/esports/sec5_04.png]
[cdn.jsdelivr.net/npm/swiper/swiper-bundle.min.js]
[event.playeternalreturn.com/eternal-return-esports.html]
[event.playeternalreturn.com/js/aos_init87dc.js]
[cdn.playeternalreturn.com/event/battle/og-image-s8-pajamas.png]
[event.playeternalreturn.com/season8-pajamasdf27.html]
[event.playeternalreturn.com/season8-pajamasd40c.html]
[event.playeternalreturn.com/season8-pajamas5caa.html]
[event.playeternalreturn.com/season8-pajamas02b8.html]
[event.playeternalreturn.com/season8-pajamasa0ca.html]
[event.playeternalreturn.com/season8-pajamas2957.html]
[event.playeternalreturn.com/season8-pajamas80ae.html]
[cdn.playeternalreturn.com/event/visual_main.png]
[event.playeternalreturn.com/images/preseason8/main_play_thum.png]
[event.playeternalreturn.com/images/preseason8/sc_down.png]
[event.playeternalreturn.com/images/preseason8/main_btm_ico01.png]
[event.playeternalreturn.com/images/preseason8/main_btm_ico04.png]
[event.playeternalreturn.com/images/preseason8/main_btm_ico05.png]
[event.playeternalreturn.com/images/preseason8/erpass/pack_title.png]
[event.playeternalreturn.com/images/preseason8/erpass/er_ico01.png]
[event.playeternalreturn.com/images/preseason8/erpass/er_ico02.png]
[event.playeternalreturn.com/season8-pajamas.html]
[event.playeternalreturn.com/js/preseason8/pajamas0bf4.js]
[cdn.playeternalreturn.com/event/battle/og-image-s8-systemUpdate.png]
[event.playeternalreturn.com/season8-systemupdatedf27.html]
[event.playeternalreturn.com/season8-systemupdated40c.html]
[event.playeternalreturn.com/season8-systemupdate5caa.html]
[event.playeternalreturn.com/season8-systemupdate02b8.html]
[event.playeternalreturn.com/season8-systemupdatea0ca.html]
[event.playeternalreturn.com/season8-systemupdate2957.html]
[event.playeternalreturn.com/season8-systemupdate80ae.html]
[event.playeternalreturn.com/images/preseason8/battle/bat_title01_cn.png]
[event.playeternalreturn.com/images/preseason8/battle/sk01.png]
[event.playeternalreturn.com/images/preseason8/battle/sk03.png]
[event.playeternalreturn.com/images/preseason8/battle/sk02.png]
[event.playeternalreturn.com/images/preseason8/battle/img_step01.jpg]
[event.playeternalreturn.com/images/preseason8/battle/img_step02.png]
[event.playeternalreturn.com/images/preseason8/battle/skill01.gif]
[event.playeternalreturn.com/images/preseason8/battle/skill02.gif]
[event.playeternalreturn.com/images/preseason8/battle/skill03.gif]
[event.playeternalreturn.com/images/preseason8/battle/img_step03.png]
[event.playeternalreturn.com/images/preseason8/battle/item01.png]
[event.playeternalreturn.com/images/preseason8/play_thum.png]
[event.playeternalreturn.com/images/preseason8/battle/img_conlist01.png]
[event.playeternalreturn.com/images/preseason8/battle/img_conlist02.png]
[event.playeternalreturn.com/images/preseason8/battle/img_conlist03.png]
[event.playeternalreturn.com/images/preseason8/battle/img_conlist04.png]
[event.playeternalreturn.com/images/preseason8/battle/img_conlist05.png]
[event.playeternalreturn.com/images/preseason8/battle/img_conlist06.png]
[event.playeternalreturn.com/js/preseason8/irem3e2c.js]
[event.playeternalreturn.com/season8-systemupdate.html]
[event.playeternalreturn.com/images/common/og-image-s8-newsletter.jpg]
[event.playeternalreturn.com/newsletter-subscriptiondf27.html]
[event.playeternalreturn.com/newsletter-subscriptiond40c.html]
[event.playeternalreturn.com/newsletter-subscription5caa.html]
[event.playeternalreturn.com/newsletter-subscription02b8.html]
[event.playeternalreturn.com/newsletter-subscriptiona0ca.html]
[event.playeternalreturn.com/newsletter-subscription2957.html]
[event.playeternalreturn.com/newsletter-subscription80ae.html]
[cdn.playeternalreturn.com/event/newsletter/SC.png]
[cdn.playeternalreturn.com/event/newsletter/m/SC.png]
[event.playeternalreturn.com/newsletter-subscription.html]
[event.playeternalreturn.com/fonts/fa-brands-40027eb.svg]
[event.playeternalreturn.com/fonts/fa-regular-40035a0.svg]
[event.playeternalreturn.com/js/preseason8/newsletter45b3.js]
[event.playeternalreturn.com/fonts/fa-solid-900b314.svg]
[event.playeternalreturn.com/fonts/fot-skipstd-d.html]
[event.playeternalreturn.com/fonts/fot-skipstd-d-2.html]
[event.playeternalreturn.com/fonts/fot-skipstd-d-3.html]
[webfontworld.github.io/woowahan/BMDoHyeon.css]
[use.typekit.net/af/6432a9/00000000000000007735b1a7/30/lfdcc]
[use.typekit.net/af/6432a9/00000000000000007735b1a7/30/dfdcc]
[use.typekit.net/af/6432a9/00000000000000007735b1a7/30/afdcc]
[use.typekit.net/af/9ef300/00000000000000007735b1aa/30/le196]
[use.typekit.net/af/9ef300/00000000000000007735b1aa/30/de196]
[use.typekit.net/af/9ef300/00000000000000007735b1aa/30/ae196]
[use.typekit.net/af/2af45c/00000000000000007735b1ad/30/le265]
[use.typekit.net/af/2af45c/00000000000000007735b1ad/30/de265]
[use.typekit.net/af/2af45c/00000000000000007735b1ad/30/ae265]
[use.typekit.net/af/118347/00000000000000007735b1b0/30/l652f]
[use.typekit.net/af/118347/00000000000000007735b1b0/30/d652f]
[use.typekit.net/af/118347/00000000000000007735b1b0/30/a652f]
[use.typekit.net/af/638e19/00000000000000007735b1b3/30/l3b11]
[use.typekit.net/af/638e19/00000000000000007735b1b3/30/d3b11]
[use.typekit.net/af/638e19/00000000000000007735b1b3/30/a3b11]
[use.typekit.net/af/7ab847/00000000000000007735b1b6/30/l9622]
[use.typekit.net/af/7ab847/00000000000000007735b1b6/30/d9622]
[use.typekit.net/af/7ab847/00000000000000007735b1b6/30/a9622]
[use.typekit.net/af/ab241b/00000000000000007735b1b8/30/l7f68]
[use.typekit.net/af/ab241b/00000000000000007735b1b8/30/d7f68]
[use.typekit.net/af/ab241b/00000000000000007735b1b8/30/a7f68]
[use.typekit.net/af/051162/00000000000000007735b1bb/30/lec9a]
[use.typekit.net/af/051162/00000000000000007735b1bb/30/dec9a]
[use.typekit.net/af/051162/00000000000000007735b1bb/30/aec9a]
[use.typekit.net/af/391c30/00000000000000007735b1a8/30/le196]
[use.typekit.net/af/391c30/00000000000000007735b1a8/30/de196]
[use.typekit.net/af/391c30/00000000000000007735b1a8/30/ae196]
[use.typekit.net/af/14d125/00000000000000007735b1ab/30/lfdcc]
[use.typekit.net/af/14d125/00000000000000007735b1ab/30/dfdcc]
[use.typekit.net/af/14d125/00000000000000007735b1ab/30/afdcc]
[use.typekit.net/af/fae627/00000000000000007735b1ae/30/l652f]
[use.typekit.net/af/fae627/00000000000000007735b1ae/30/d652f]
[use.typekit.net/af/fae627/00000000000000007735b1ae/30/a652f]
[use.typekit.net/af/750d19/00000000000000007735b1b1/30/le265]
[use.typekit.net/af/750d19/00000000000000007735b1b1/30/de265]
[use.typekit.net/af/750d19/00000000000000007735b1b1/30/ae265]
[use.typekit.net/af/42eedb/00000000000000007735b1a9/30/lfdcc]
[use.typekit.net/af/42eedb/00000000000000007735b1a9/30/dfdcc]
[use.typekit.net/af/42eedb/00000000000000007735b1a9/30/afdcc]
[use.typekit.net/af/9fdd66/00000000000000007735b1ac/30/le196]
[use.typekit.net/af/9fdd66/00000000000000007735b1ac/30/de196]
[use.typekit.net/af/9fdd66/00000000000000007735b1ac/30/ae196]
[use.typekit.net/af/63d18b/00000000000000007735b1af/30/l652f]
[use.typekit.net/af/63d18b/00000000000000007735b1af/30/d652f]
[use.typekit.net/af/63d18b/00000000000000007735b1af/30/a652f]
[use.typekit.net/af/30e927/00000000000000007735b1b2/30/le265]
[use.typekit.net/af/30e927/00000000000000007735b1b2/30/de265]
[use.typekit.net/mma6tmo.css]
[use.typekit.net/af/30e927/00000000000000007735b1b2/30/ae265]
[cdn.playeternalreturn.com/event/preseason8/esports/og_image_en.png]
[cdn.playeternalreturn.com/event/preseason8/esports/title01_en.png]
[event.playeternalreturn.com/discord.gg/ERtournament]
[event.playeternalreturn.com/eternal-return-esportsdf27.html]
[cdn.playeternalreturn.com/event/preseason8/esports/og_image_kor.png]
[cdn.playeternalreturn.com/event/preseason8/esports/title01_kr.png]
[event.playeternalreturn.com/eternal-return-esportsd40c.html]
[cdn.playeternalreturn.com/event/preseason8/esports/og_image_jp.png]
[cdn.playeternalreturn.com/event/preseason8/esports/title01_jp.png]
[event.playeternalreturn.com/eternal-return-esports5caa.html]
[event.playeternalreturn.com/eternal-return-esports02b8.html]
[event.playeternalreturn.com/eternal-return-esportsa0ca.html]
[cdn.playeternalreturn.com/event/preseason8/esports/og_image_tra.png]
[cdn.playeternalreturn.com/event/preseason8/esports/title01_tw.png]
[event.playeternalreturn.com/eternal-return-esports2957.html]
[event.playeternalreturn.com/eternal-return-esports80ae.html]
[cdn.jsdelivr.net/npm/swiper/swiper-bundle.min.css]
[event.playeternalreturn.com/season8-pajamasdf27.html]
[event.playeternalreturn.com/season8-pajamasd40c.html]
[event.playeternalreturn.com/season8-pajamas5caa.html]
[event.playeternalreturn.com/season8-pajamas02b8.html]
[event.playeternalreturn.com/season8-pajamasa0ca.html]
[event.playeternalreturn.com/season8-pajamas2957.html]
[event.playeternalreturn.com/season8-pajamas80ae.html]
[event.playeternalreturn.com/images/preseason8/battle/bat_title01_en.png]
[event.playeternalreturn.com/season8-systemupdatedf27.html]
[event.playeternalreturn.com/images/preseason8/battle/bat_title01_kr.png]
[event.playeternalreturn.com/season8-systemupdated40c.html]
[event.playeternalreturn.com/images/preseason8/battle/bat_title01_jp.png]
[event.playeternalreturn.com/season8-systemupdate5caa.html]
[event.playeternalreturn.com/season8-systemupdate02b8.html]
[event.playeternalreturn.com/season8-systemupdatea0ca.html]
[event.playeternalreturn.com/images/preseason8/battle/bat_title01_tw.png]
[event.playeternalreturn.com/season8-systemupdate2957.html]
[event.playeternalreturn.com/season8-systemupdate80ae.html]
[event.playeternalreturn.com/images/common/og-image-s8-newsletter.html]
[cdn.playeternalreturn.com/event/newsletter/EN.png]
[cdn.playeternalreturn.com/event/newsletter/m/EN.png]
[event.playeternalreturn.com/newsletter-subscriptiondf27.html]
[cdn.playeternalreturn.com/event/newsletter/KR.png]
[cdn.playeternalreturn.com/event/newsletter/m/KR.png]
[event.playeternalreturn.com/newsletter-subscriptiond40c.html]
[cdn.playeternalreturn.com/event/newsletter/JP.png]
[cdn.playeternalreturn.com/event/newsletter/m/JP.png]
[event.playeternalreturn.com/newsletter-subscription5caa.html]
[event.playeternalreturn.com/newsletter-subscription02b8.html]
[event.playeternalreturn.com/newsletter-subscriptiona0ca.html]
[cdn.playeternalreturn.com/event/newsletter/TC.png]
[cdn.playeternalreturn.com/event/newsletter/m/TC.png]
[event.playeternalreturn.com/newsletter-subscription2957.html]
[event.playeternalreturn.com/newsletter-subscription80ae.html]
[event.playeternalreturn.com/fonts/SkipStd-D.svg]
[p.typekit.net/p3ebc.css]
[event.playeternalreturn.com/discord.gg/ERtournament.html]
